
============================================================
Config check: dp
============================================================
Config validation passed
      checked Hydra targets: 7

✓ dp config check PASSED


============================================================
Config check: dp3
============================================================
Config validation passed
      checked Hydra targets: 6

✓ dp3 config check PASSED


============================================================
Config check: dqrise
============================================================
Config validation passed
      checked Hydra targets: 6

✓ dqrise config check PASSED


============================================================
Config check: sat
============================================================
Config validation passed
      checked Hydra targets: 6

✓ sat config check PASSED


============================================================
Config check: maniflow
============================================================
Config validation passed
      checked Hydra targets: 6

✓ maniflow config check PASSED


============================================================
Config check: r3d
============================================================
Config validation passed
      checked Hydra targets: 6

✓ r3d config check PASSED


============================================================
Config check: multitask_dit
============================================================
Config validation passed
      checked Hydra targets: 10

✓ multitask_dit config check PASSED


============================================================
Config check: ddp/dp
============================================================
Config validation passed
      checked Hydra targets: 7

✓ ddp/dp config check PASSED


============================================================
Config check: ddp/dqrise
============================================================
Config validation passed
      checked Hydra targets: 6

✓ ddp/dqrise config check PASSED


============================================================
Config check: ddp/sat
============================================================
Config validation passed
      checked Hydra targets: 6

✓ ddp/sat config check PASSED


============================================================
Config check: ddp/maniflow
============================================================
Config validation passed
      checked Hydra targets: 6

✓ ddp/maniflow config check PASSED


============================================================
Config check: ddp/r3d
============================================================
Config validation passed
      checked Hydra targets: 6

✓ ddp/r3d config check PASSED


============================================================
Config check: ddp/multitask_dit
============================================================
Config validation passed
      checked Hydra targets: 10

✓ ddp/multitask_dit config check PASSED

