
============================================================
Config check: dp
============================================================
Config validation passed
      checked Hydra targets: 7

✓ dp config check PASSED


============================================================
Config check: dp3
============================================================
Config validation passed
      checked Hydra targets: 6

✓ dp3 config check PASSED


============================================================
Config check: dqrise
============================================================
Config validation passed
      checked Hydra targets: 6

✓ dqrise config check PASSED


============================================================
Config check: sat
============================================================
Config validation passed
      checked Hydra targets: 6

✓ sat config check PASSED


============================================================
Config check: maniflow
============================================================
Config validation passed
      checked Hydra targets: 6

✓ maniflow config check PASSED


============================================================
Config check: r3d
============================================================
Config validation passed
      checked Hydra targets: 6

✓ r3d config check PASSED


============================================================
Config check: multitask_dit
============================================================
Config validation passed
      checked Hydra targets: 10

✓ multitask_dit config check PASSED

