
============================================================
Smoke test: dp
============================================================
Config validation passed
[1/6] Building dataset & normalizer ...
SequenceSampler window validity (rejections may overlap): {'candidate': 12994, 'observation': 0, 'action': 0, 'dispatch': 0, 'valid': 12994}
      dataset size: 12994, batches/epoch: 203
      no validation set (val_ratio=0)
[2/6] Building model & EMA ...
/home/zhanghaoyang/Desktop/dexmani_policy/dexmani_policy/agents/obs_encoder/rgb/registry.py:101: UserWarning: build_backbone(name='dino') resolved to model_name='facebook/dinov2-small' (preset default is 'facebook/dinov2-base'), but ImageProcessor is still selected by preset name='dino'. Please make sure the processor matches the checkpoint's resize / crop / normalization.
  warnings.warn(
[3/6] Building optimizer & scheduler ...
  Actual observation fields: ('joint_state', 'rgb')
[DPAgent] Parameter Count
  Total: 99.25 M
  obs_encoder         : 23.39 M  (trainable=1.33 M  frozen=22.06 M)
  action_decoder      : 75.86 M  (trainable=75.86 M  frozen=0.00 M)
  normalizer          : 0.00 M  (trainable=0.00 M  frozen=0.00 M)
[4/6] Running forward + backward ...
      loss: 0.5931  keys: ['loss_action', 'loss']
      ✓ all trainable params received gradients
      ✓ one optimizer/scheduler/EMA update completed
[5/6] Running predict_action ...
      pred_action: (1, 16, 19)  control_action: (1, 8, 19)
[6/6] Checkpoint save → load roundtrip ...
      saved checkpoint: epoch=0000-step=00000001-score=0.8500.pt
      ✓ model state dict roundtrip OK
      ✓ EMA state dict roundtrip OK
      ✓ resume contract roundtrip OK
      ✓ saved config → raw/EMA strict restore → predict; corruption rejected

✓ dp smoke test PASSED
